{
  "name": "points",
  "type": "engram",
  "description": "",
  "tags": [],
  "smt": {
    "model": "shp",
    "locus": "zip:./test/data/input/shapes/points.zip",
    "schema": "points",
    "key": "*"
  },
  "fields": [
    {
      "name": "type",
      "type": "keyword",
      "size": 7
    },
    {
      "name": "properties",
      "type": "map",
      "fields": [
        {
          "name": "FID",
          "type": "integer"
        }
      ]
    },
    {
      "name": "geometry",
      "type": "map",
      "fields": [
        {
          "name": "type",
          "type": "keyword",
          "size": 5
        },
        {
          "name": "coordinates",
          "type": "list",
          "_list": {
            "name": "_list",
            "type": "integer"
          }
        }
      ]
    }
  ]
}