{
  "smt": {
    "model": "shp",
    "locus": "../test/data/shapes/",
    "schema": "polygons",
    "key": "*"
  },
  "fields": {
    "type": {
      "name": "type",
      "type": "keyword",
      "size": 7
    },
    "properties": {
      "name": "properties",
      "type": "map",
      "fields": {
        "FID": {
          "name": "FID",
          "type": "integer"
        }
      }
    },
    "geometry": {
      "name": "geometry",
      "type": "map",
      "fields": {
        "type": {
          "name": "type",
          "type": "keyword",
          "size": 12
        },
        "coordinates": {
          "name": "coordinates",
          "type": "list",
          "_list": {
            "name": "_list",
            "type": "list",
            "_list": {
              "name": "_list",
              "type": "list",
              "_list": {
                "name": "_list",
                "type": "list",
                "_list": {
                  "name": "_list",
                  "type": "integer"
                }
              }
            }
          }
        }
      }
    }
  },
  "_SMT": "any|*|*|*"
}