{
  "name": "tl_2023_us_county",
  "type": "engram",
  "smt": {
    "model": "shp",
    "locus": "zip:/var/dictadata/US/census.gov/geo/tiger/TIGER2023/COUNTY/tl_2023_us_county.zip",
    "schema": "tl_2023_us_county",
    "key": "*"
  },
  "fields": [
    {
      "name": "type",
      "type": "keyword",
      "size": 7
    },
    {
      "name": "properties",
      "type": "map",
      "fields": [
        {
          "name": "STATEFP",
          "type": "integer"
        },
        {
          "name": "COUNTYFP",
          "type": "integer"
        },
        {
          "name": "COUNTYNS",
          "type": "integer"
        },
        {
          "name": "GEOID",
          "type": "integer"
        },
        {
          "name": "GEOIDFQ",
          "type": "keyword",
          "size": 14
        },
        {
          "name": "NAME",
          "type": "text",
          "size": 30
        },
        {
          "name": "NAMELSAD",
          "type": "text",
          "size": 46
        },
        {
          "name": "LSAD",
          "type": "keyword",
          "size": 2
        },
        {
          "name": "CLASSFP",
          "type": "keyword",
          "size": 2
        },
        {
          "name": "MTFCC",
          "type": "keyword",
          "size": 5
        },
        {
          "name": "CSAFP",
          "type": "integer"
        },
        {
          "name": "CBSAFP",
          "type": "integer"
        },
        {
          "name": "METDIVFP",
          "type": "integer"
        },
        {
          "name": "FUNCSTAT",
          "type": "keyword",
          "size": 1
        },
        {
          "name": "ALAND",
          "type": "integer"
        },
        {
          "name": "AWATER",
          "type": "integer"
        },
        {
          "name": "INTPTLAT",
          "type": "number"
        },
        {
          "name": "INTPTLON",
          "type": "number"
        }
      ]
    },
    {
      "name": "geometry",
      "type": "map",
      "fields": [
        {
          "name": "type",
          "type": "keyword",
          "size": 12
        },
        {
          "name": "coordinates",
          "type": "list",
          "_list": {
            "name": "_list",
            "type": "list",
            "_list": {
              "name": "_list",
              "type": "list",
              "_list": {
                "name": "_list",
                "type": "list",
                "_list": {
                  "name": "_list",
                  "type": "number"
                }
              }
            }
          }
        }
      ]
    }
  ]
}
