{
  "name": "tl_2020_us_state",
  "type": "engram",
  "title": "",
  "description": "",
  "tags": [],
  "smt": {
    "model": "shp",
    "locus": "zip:/var/data/US/census.gov/geo/tiger/TIGER2020/STATE/tl_2020_us_state.zip",
    "schema": "tl_2020_us_state",
    "key": "*"
  },
  "fields": [
    {
      "name": "type",
      "type": "keyword",
      "size": 7
    },
    {
      "name": "properties",
      "type": "map",
      "fields": [
        {
          "name": "REGION",
          "type": "integer"
        },
        {
          "name": "DIVISION",
          "type": "integer"
        },
        {
          "name": "STATEFP",
          "type": "integer"
        },
        {
          "name": "STATENS",
          "type": "integer"
        },
        {
          "name": "GEOID",
          "type": "integer"
        },
        {
          "name": "STUSPS",
          "type": "keyword",
          "size": 2
        },
        {
          "name": "NAME",
          "type": "text",
          "size": 44
        },
        {
          "name": "LSAD",
          "type": "integer"
        },
        {
          "name": "MTFCC",
          "type": "keyword",
          "size": 5
        },
        {
          "name": "FUNCSTAT",
          "type": "keyword",
          "size": 1
        },
        {
          "name": "ALAND",
          "type": "integer"
        },
        {
          "name": "AWATER",
          "type": "integer"
        },
        {
          "name": "INTPTLAT",
          "type": "number"
        },
        {
          "name": "INTPTLON",
          "type": "number"
        }
      ]
    },
    {
      "name": "geometry",
      "type": "map",
      "fields": [
        {
          "name": "type",
          "type": "keyword",
          "size": 12
        },
        {
          "name": "coordinates",
          "type": "list",
          "_list": {
            "name": "_list",
            "type": "list",
            "_list": {
              "name": "_list",
              "type": "list",
              "_list": {
                "name": "_list",
                "type": "list",
                "_list": {
                  "name": "_list",
                  "type": "number"
                }
              }
            }
          }
        }
      ]
    }
  ]
}
