"field_0","field_1","field_2","field_3","field_4","field_5"
Foo,"Bar",Baz,Fobe,"Dt Test",enabled
first,"row",123,1,"Sat Oct 06 2018 19:00:00 GMT-0500 (Central Daylight Time)",true
second,"row",456,2.1,"Sun Oct 07 2018 00:00:00 GMT-0500 (Central Daylight Time)",false
third,"row your boat",789,3,"Thu Oct 18 2018 00:00:00 GMT-0500 (Central Daylight Time)",true
fourth," boat ",0,4.3,"Wed Oct 10 2018 09:13:30 GMT-0500 (Central Daylight Time)",false
fifth,"downstream",-12,19,"Thu Oct 18 2018 00:00:00 GMT-0500 (Central Daylight Time)",true
sixth,,,,,
seventh,"big data",1000000,4000.3,"Wed Oct 10 2018 14:13:30 GMT-0500 (Central Daylight Time)",false
eighth,"bigger data",12,3.44,"Wed Oct 10 2018 00:00:00 GMT-0500 (Central Daylight Time)",false
