{
  "smt": {
    "model": "json",
    "locus": "",
    "schema": "foofile_01.json",
    "key": "=Foo"
  },
  "fields": {
    "Foo": {
      "name": "Foo",
      "type": "keyword",
      "size": 7,
      "default": null,
      "nullable": true,
      "key": 1,
      "label": "Foo"
    },
    "Bar": {
      "name": "Bar",
      "type": "text",
      "size": 13,
      "default": null,
      "nullable": true,
      
      "label": "Bar"
    },
    "Baz": {
      "name": "Baz",
      "type": "integer",
      "size": 0,
      "default": null,
      "nullable": true,
      
      "label": "Baz"
    },
    "Fobe": {
      "name": "Fobe",
      "type": "number",
      "size": 0,
      "default": null,
      "nullable": true,
      
      "label": "Fobe"
    },
    "Dt Test": {
      "name": "Dt Test",
      "type": "date",
      "size": 0,
      "default": null,
      "nullable": true,
      
      "label": "Dt Test"
    },
    "enabled": {
      "name": "enabled",
      "type": "boolean",
      "size": 0,
      "default": null,
      "nullable": true,
      
      "label": "enabled"
    },
    "subObj1": {
      "name": "subObj1",
      "type": "map",
      "size": 0,
      "default": null,
      "nullable": true,
      
      "label": "subObj1",
      "fields": {
        "state": {
          "name": "state",
          "type": "keyword",
          "size": 7,
          "default": null,
          "nullable": true,
          
          "label": "state"
        },
        "ex-state": {
          "name": "ex-state",
          "type": "keyword",
          "size": 4,
          "default": null,
          "nullable": true,
          
          "label": "ex-state"
        }
      }
    },
    "subObj2": {
      "name": "subObj2",
      "type": "map",
      "size": 0,
      "default": null,
      "nullable": true,
      
      "label": "subObj2",
      "fields": {
        "subsub": {
          "name": "subsub",
          "type": "map",
          "size": 0,
          "default": null,
          "nullable": true,
          
          "label": "subsub",
          "fields": {
            "izze": {
              "name": "izze",
              "type": "integer",
              "size": 0,
              "default": null,
              "nullable": true,
              
              "label": "izze"
            }
          }
        }
      }
    },
    "tags": {
      "name": "tags",
      "type": "list",
      "_list": {
        "name": "_list",
        "type": "keyword",
        "size": 64
      }
    }
  }
}