[
  {"Foo":"second","Bar":"row","Baz":45600,"Dt Test":"2018-10-07T05:00:00.000Z"},
  {"Foo":"third","Bar":"row your boat","Baz":78900,"Dt Test":"2018-10-18T05:00:00.000Z","bar_b":"b"}
  ]
