{
  "resultCode": 0,
  "resultText": "OK",
  "data": [
    {
      "NAME": "Pennsylvania",
      "P1_001N": 13002700,
      "P3_001N": 10353548,
      "state": 42
    },
    {
      "NAME": "California",
      "P1_001N": 39538223,
      "P3_001N": 30827105,
      "state": 6
    },
    {
      "NAME": "West Virginia",
      "P1_001N": 1793716,
      "P3_001N": 1432932,
      "state": 54
    },
    {
      "NAME": "Utah",
      "P1_001N": 3271616,
      "P3_001N": 2324051,
      "state": 49
    },
    {
      "NAME": "New York",
      "P1_001N": 20201249,
      "P3_001N": 16088135,
      "state": 36
    },
    {
      "NAME": "District of Columbia",
      "P1_001N": 689545,
      "P3_001N": 575161,
      "state": 11
    },
    {
      "NAME": "Alaska",
      "P1_001N": 733391,
      "P3_001N": 554003,
      "state": 2
    },
    {
      "NAME": "Florida",
      "P1_001N": 21538187,
      "P3_001N": 17339232,
      "state": 12
    },
    {
      "NAME": "South Carolina",
      "P1_001N": 5118425,
      "P3_001N": 4014460,
      "state": 45
    },
    {
      "NAME": "North Dakota",
      "P1_001N": 779094,
      "P3_001N": 596093,
      "state": 38
    },
    {
      "NAME": "Maine",
      "P1_001N": 1362359,
      "P3_001N": 1110085,
      "state": 23
    },
    {
      "NAME": "Georgia",
      "P1_001N": 10711908,
      "P3_001N": 8220274,
      "state": 13
    },
    {
      "NAME": "Alabama",
      "P1_001N": 5024279,
      "P3_001N": 3917166,
      "state": 1
    },
    {
      "NAME": "New Hampshire",
      "P1_001N": 1377529,
      "P3_001N": 1120680,
      "state": 33
    },
    {
      "NAME": "Oregon",
      "P1_001N": 4237256,
      "P3_001N": 3370652,
      "state": 41
    },
    {
      "NAME": "Wyoming",
      "P1_001N": 576851,
      "P3_001N": 441337,
      "state": 56
    },
    {
      "NAME": "Arizona",
      "P1_001N": 7151502,
      "P3_001N": 5541976,
      "state": 4
    },
    {
      "NAME": "Louisiana",
      "P1_001N": 4657757,
      "P3_001N": 3570548,
      "state": 22
    },
    {
      "NAME": "Indiana",
      "P1_001N": 6785528,
      "P3_001N": 5192579,
      "state": 18
    },
    {
      "NAME": "Idaho",
      "P1_001N": 1839106,
      "P3_001N": 1376400,
      "state": 16
    },
    {
      "NAME": "Connecticut",
      "P1_001N": 3605944,
      "P3_001N": 2869227,
      "state": 9
    },
    {
      "NAME": "Hawaii",
      "P1_001N": 1455271,
      "P3_001N": 1155905,
      "state": 15
    },
    {
      "NAME": "Illinois",
      "P1_001N": 12812508,
      "P3_001N": 9999469,
      "state": 17
    },
    {
      "NAME": "Massachusetts",
      "P1_001N": 7029917,
      "P3_001N": 5663723,
      "state": 25
    },
    {
      "NAME": "Texas",
      "P1_001N": 29145505,
      "P3_001N": 21866700,
      "state": 48
    },
    {
      "NAME": "Montana",
      "P1_001N": 1084225,
      "P3_001N": 850123,
      "state": 30
    },
    {
      "NAME": "Nebraska",
      "P1_001N": 1961504,
      "P3_001N": 1476127,
      "state": 31
    },
    {
      "NAME": "Ohio",
      "P1_001N": 11799448,
      "P3_001N": 9207562,
      "state": 39
    },
    {
      "NAME": "Colorado",
      "P1_001N": 5773714,
      "P3_001N": 4509576,
      "state": 8
    },
    {
      "NAME": "New Jersey",
      "P1_001N": 9288994,
      "P3_001N": 7281310,
      "state": 34
    },
    {
      "NAME": "Maryland",
      "P1_001N": 6177224,
      "P3_001N": 4815202,
      "state": 24
    },
    {
      "NAME": "Virginia",
      "P1_001N": 8631393,
      "P3_001N": 6745054,
      "state": 51
    },
    {
      "NAME": "Vermont",
      "P1_001N": 643077,
      "P3_001N": 524482,
      "state": 50
    },
    {
      "NAME": "North Carolina",
      "P1_001N": 10439388,
      "P3_001N": 8155099,
      "state": 37
    },
    {
      "NAME": "Arkansas",
      "P1_001N": 3011524,
      "P3_001N": 2312273,
      "state": 5
    },
    {
      "NAME": "Washington",
      "P1_001N": 7705281,
      "P3_001N": 6024689,
      "state": 53
    },
    {
      "NAME": "Kansas",
      "P1_001N": 2937880,
      "P3_001N": 2229316,
      "state": 20
    },
    {
      "NAME": "Oklahoma",
      "P1_001N": 3959353,
      "P3_001N": 3010698,
      "state": 40
    },
    {
      "NAME": "Wisconsin",
      "P1_001N": 5893718,
      "P3_001N": 4612300,
      "state": 55
    },
    {
      "NAME": "Mississippi",
      "P1_001N": 2961279,
      "P3_001N": 2277599,
      "state": 28
    },
    {
      "NAME": "Missouri",
      "P1_001N": 6154913,
      "P3_001N": 4775612,
      "state": 29
    },
    {
      "NAME": "Michigan",
      "P1_001N": 10077331,
      "P3_001N": 7914602,
      "state": 26
    },
    {
      "NAME": "Rhode Island",
      "P1_001N": 1097379,
      "P3_001N": 887594,
      "state": 44
    },
    {
      "NAME": "Minnesota",
      "P1_001N": 5706494,
      "P3_001N": 4389033,
      "state": 27
    },
    {
      "NAME": "Iowa",
      "P1_001N": 3190369,
      "P3_001N": 2450103,
      "state": 19
    },
    {
      "NAME": "New Mexico",
      "P1_001N": 2117522,
      "P3_001N": 1638989,
      "state": 35
    },
    {
      "NAME": "Nevada",
      "P1_001N": 3104614,
      "P3_001N": 2413326,
      "state": 32
    },
    {
      "NAME": "Delaware",
      "P1_001N": 989948,
      "P3_001N": 783543,
      "state": 10
    },
    {
      "NAME": "Puerto Rico",
      "P1_001N": 3285874,
      "P3_001N": 2724903,
      "state": 72
    },
    {
      "NAME": "Kentucky",
      "P1_001N": 4505836,
      "P3_001N": 3483900,
      "state": 21
    },
    {
      "NAME": "South Dakota",
      "P1_001N": 886667,
      "P3_001N": 669255,
      "state": 46
    },
    {
      "NAME": "Tennessee",
      "P1_001N": 6910840,
      "P3_001N": 5384473,
      "state": 47
    }
  ]
}