[
{"number":1,"name":"This Afternoon","startTime":"2022-05-10T20:00:00.000Z","endTime":"2022-05-10T23:00:00.000Z","isDaytime":true,"temperature":90,"temperatureUnit":"F","temperatureTrend":null,"windSpeed":"10 to 15 mph","windDirection":"S","icon":"https://api.weather.gov/icons/land/day/bkn?size=medium","shortForecast":"Partly Sunny","detailedForecast":"Partly sunny, with a high near 90. South wind 10 to 15 mph."},
{"number":2,"name":"Tonight","startTime":"2022-05-10T23:00:00.000Z","endTime":"2022-05-11T11:00:00.000Z","isDaytime":false,"temperature":69,"temperatureUnit":"F","temperatureTrend":null,"windSpeed":"5 to 10 mph","windDirection":"SE","icon":"https://api.weather.gov/icons/land/night/tsra_hi,20?size=medium","shortForecast":"Slight Chance Showers And Thunderstorms","detailedForecast":"A slight chance of showers and thunderstorms between 7pm and 2am. Partly cloudy, with a low around 69. Southeast wind 5 to 10 mph. Chance of precipitation is 20%."},
{"number":3,"name":"Wednesday","startTime":"2022-05-11T11:00:00.000Z","endTime":"2022-05-11T23:00:00.000Z","isDaytime":true,"temperature":89,"temperatureUnit":"F","temperatureTrend":null,"windSpeed":"0 to 10 mph","windDirection":"SE","icon":"https://api.weather.gov/icons/land/day/sct?size=medium","shortForecast":"Mostly Sunny","detailedForecast":"Mostly sunny, with a high near 89. Southeast wind 0 to 10 mph."},
{"number":4,"name":"Wednesday Night","startTime":"2022-05-11T23:00:00.000Z","endTime":"2022-05-12T11:00:00.000Z","isDaytime":false,"temperature":71,"temperatureUnit":"F","temperatureTrend":null,"windSpeed":"10 mph","windDirection":"SE","icon":"https://api.weather.gov/icons/land/night/tsra_hi,20?size=medium","shortForecast":"Slight Chance Showers And Thunderstorms","detailedForecast":"A slight chance of showers and thunderstorms between 7pm and 1am. Partly cloudy, with a low around 71. Southeast wind around 10 mph, with gusts as high as 20 mph. Chance of precipitation is 20%."},
{"number":5,"name":"Thursday","startTime":"2022-05-12T11:00:00.000Z","endTime":"2022-05-12T23:00:00.000Z","isDaytime":true,"temperature":91,"temperatureUnit":"F","temperatureTrend":null,"windSpeed":"5 to 15 mph","windDirection":"S","icon":"https://api.weather.gov/icons/land/day/few?size=medium","shortForecast":"Sunny","detailedForecast":"Sunny, with a high near 91."},
{"number":6,"name":"Thursday Night","startTime":"2022-05-12T23:00:00.000Z","endTime":"2022-05-13T11:00:00.000Z","isDaytime":false,"temperature":69,"temperatureUnit":"F","temperatureTrend":null,"windSpeed":"5 to 15 mph","windDirection":"S","icon":"https://api.weather.gov/icons/land/night/sct/tsra_hi,30?size=medium","shortForecast":"Partly Cloudy then Chance Showers And Thunderstorms","detailedForecast":"A chance of showers and thunderstorms after 1am. Partly cloudy, with a low around 69. Chance of precipitation is 30%."},
{"number":7,"name":"Friday","startTime":"2022-05-13T11:00:00.000Z","endTime":"2022-05-13T23:00:00.000Z","isDaytime":true,"temperature":84,"temperatureUnit":"F","temperatureTrend":null,"windSpeed":"5 to 10 mph","windDirection":"S","icon":"https://api.weather.gov/icons/land/day/tsra_hi,30/tsra_hi,50?size=medium","shortForecast":"Chance Showers And Thunderstorms","detailedForecast":"A chance of showers and thunderstorms before 7am, then a chance of showers and thunderstorms. Partly sunny, with a high near 84. Chance of precipitation is 50%."},
{"number":8,"name":"Friday Night","startTime":"2022-05-13T23:00:00.000Z","endTime":"2022-05-14T11:00:00.000Z","isDaytime":false,"temperature":62,"temperatureUnit":"F","temperatureTrend":null,"windSpeed":"0 to 5 mph","windDirection":"NW","icon":"https://api.weather.gov/icons/land/night/tsra_sct,60?size=medium","shortForecast":"Chance Showers And Thunderstorms then Showers And Thunderstorms Likely","detailedForecast":"A chance of showers and thunderstorms before 7pm, then showers and thunderstorms likely. Mostly cloudy, with a low around 62. Chance of precipitation is 60%."},
{"number":9,"name":"Saturday","startTime":"2022-05-14T11:00:00.000Z","endTime":"2022-05-14T23:00:00.000Z","isDaytime":true,"temperature":82,"temperatureUnit":"F","temperatureTrend":null,"windSpeed":"0 to 5 mph","windDirection":"NW","icon":"https://api.weather.gov/icons/land/day/rain_showers,40/tsra_hi?size=medium","shortForecast":"Chance Rain Showers then Slight Chance Showers And Thunderstorms","detailedForecast":"A chance of rain showers before 1pm, then a slight chance of showers and thunderstorms. Mostly sunny, with a high near 82. Chance of precipitation is 40%."},
{"number":10,"name":"Saturday Night","startTime":"2022-05-14T23:00:00.000Z","endTime":"2022-05-15T11:00:00.000Z","isDaytime":false,"temperature":56,"temperatureUnit":"F","temperatureTrend":null,"windSpeed":"5 mph","windDirection":"NW","icon":"https://api.weather.gov/icons/land/night/tsra_hi?size=medium","shortForecast":"Slight Chance Showers And Thunderstorms","detailedForecast":"A slight chance of showers and thunderstorms. Partly cloudy, with a low around 56."},
{"number":11,"name":"Sunday","startTime":"2022-05-15T11:00:00.000Z","endTime":"2022-05-15T23:00:00.000Z","isDaytime":true,"temperature":74,"temperatureUnit":"F","temperatureTrend":null,"windSpeed":"5 to 15 mph","windDirection":"NW","icon":"https://api.weather.gov/icons/land/day/rain_showers?size=medium","shortForecast":"Slight Chance Rain Showers","detailedForecast":"A slight chance of rain showers. Mostly sunny, with a high near 74."},
{"number":12,"name":"Sunday Night","startTime":"2022-05-15T23:00:00.000Z","endTime":"2022-05-16T11:00:00.000Z","isDaytime":false,"temperature":54,"temperatureUnit":"F","temperatureTrend":null,"windSpeed":"5 to 15 mph","windDirection":"W","icon":"https://api.weather.gov/icons/land/night/rain_showers?size=medium","shortForecast":"Slight Chance Rain Showers","detailedForecast":"A slight chance of rain showers before 1am. Mostly clear, with a low around 54."},
{"number":13,"name":"Monday","startTime":"2022-05-16T11:00:00.000Z","endTime":"2022-05-16T23:00:00.000Z","isDaytime":true,"temperature":73,"temperatureUnit":"F","temperatureTrend":null,"windSpeed":"10 to 15 mph","windDirection":"NW","icon":"https://api.weather.gov/icons/land/day/few?size=medium","shortForecast":"Sunny","detailedForecast":"Sunny, with a high near 73."},
{"number":14,"name":"Monday Night","startTime":"2022-05-16T23:00:00.000Z","endTime":"2022-05-17T11:00:00.000Z","isDaytime":false,"temperature":52,"temperatureUnit":"F","temperatureTrend":null,"windSpeed":"5 to 15 mph","windDirection":"NW","icon":"https://api.weather.gov/icons/land/night/rain_showers?size=medium","shortForecast":"Slight Chance Rain Showers","detailedForecast":"A slight chance of rain showers after 7pm. Partly cloudy, with a low around 52."}
]