{
  "name": "foo_schema_01",
  "type": "engram",
  "smt": {
    "model": "elasticsearch",
    "locus": "http://dev.dictadata.net:9200",
    "schema": "foo_schema_01",
    "key": "*"
  },
  "fields": [
    {
      "name": "Bar",
      "type": "text",
      "_elasticsearch": {
        "type": "text"
      }
    },
    {
      "name": "Baz",
      "type": "integer",
      "_elasticsearch": {
        "type": "integer"
      }
    },
    {
      "name": "Dt Test",
      "type": "date",
      "_elasticsearch": {
        "type": "date"
      }
    },
    {
      "name": "Fobe",
      "type": "number",
      "_elasticsearch": {
        "type": "double"
      }
    },
    {
      "name": "Foo",
      "type": "keyword",
      "_elasticsearch": {
        "type": "keyword"
      }
    },
    {
      "name": "enabled",
      "type": "boolean",
      "_elasticsearch": {
        "type": "boolean"
      }
    },
    {
      "name": "subObj1",
      "type": "map",
      "fields": [
        {
          "name": "ex-state",
          "type": "keyword",
          "_elasticsearch": {
            "type": "keyword"
          }
        },
        {
          "name": "state",
          "type": "keyword",
          "_elasticsearch": {
            "type": "keyword"
          }
        }
      ]
    },
    {
      "name": "subObj2",
      "type": "map",
      "fields": [],
      "_elasticsearch": {
        "type": "flattened"
      }
    },
    {
      "name": "tags",
      "type": "list",
      "_list": {
        "name": "_list",
        "type": "keyword",
        "_elasticsearch": {
          "type": "keyword"
        }
      }
    }
  ]
}
