"Bar","Baz","Dt Test","Fobe","Foo","enabled"
"(bigger data)",12,2018-10-10T05:00:00.000Z,3.44,eighth,false
"downstream",-12,2018-10-18T05:00:00.000Z,19,fifth,true
"row",123,2018-10-07,1,first,true
" boat ",0,2018-10-10T14:13:30.500Z,4.3,fourth,false
"row",456,2018-10-07T05:00:00.000Z,2.1,second,false
"big data*",1000000,2018-10-10T19:13:30.000Z,4000.3,seventh,false
,,,,sixth,false
"row your boat",789,2018-10-18T05:00:00.000Z,3,third,true
"Jackson",20,2020-10-07T13:00:00.000Z,20.2,twenty,true
