[
{"fie":"where's fum?","foo":"first","bar":"row","baz":123,"sub":{"state":"running","izze":12},"fum":"here"},
{"fie":"where's fum?","foo":"second","bar":"row","baz":456,"sub":{"state":"stopped","izze":88},"fum":"here"}
]