"Foo","Bar","Baz","Fobe","Dt Test","enabled"
second,"row",456,2.1,2018-10-07T05:00:00.000Z,true
third,"row your boat",789,3,2018-10-18T05:00:00.000Z,true
