{
  "smt": {
    "model": "transportdb",
    "locus": "http://localhost:8089/transportdb/storage_node",
    "schema": "foo_schema_02",
    "key": "*"
  },
  "fields": {
    "Foo": {
      "name": "Foo",
      "type": "text",
      "size": 128,
      "default": null,
      "isNullable": false,
      "keyOrdinal": 2,
      "label": "Foo",
      "ordinal": 1,
      "_oracle": {
        "COLUMN_ID": 1,
        "COLUMN_NAME": "Foo",
        "DATA_TYPE": "NVARCHAR2",
        "DATA_LENGTH": 128,
        "DATA_PRECISION": null,
        "DATA_SCALE": null,
        "NULLABLE": "N"
      }
    },
    "Bar": {
      "name": "Bar",
      "type": "text",
      "size": 128,
      "default": null,
      "isNullable": true,
      "keyOrdinal": 0,
      "label": "Bar",
      "ordinal": 2,
      "_oracle": {
        "COLUMN_ID": 2,
        "COLUMN_NAME": "Bar",
        "DATA_TYPE": "NVARCHAR2",
        "DATA_LENGTH": 128,
        "DATA_PRECISION": null,
        "DATA_SCALE": null,
        "NULLABLE": "Y"
      }
    },
    "Baz": {
      "name": "Baz",
      "type": "number",
      "size": 22,
      "default": null,
      "isNullable": false,
      "keyOrdinal": 1,
      "label": "Baz",
      "ordinal": 3,
      "_oracle": {
        "COLUMN_ID": 3,
        "COLUMN_NAME": "Baz",
        "DATA_TYPE": "NUMBER",
        "DATA_LENGTH": 22,
        "DATA_PRECISION": null,
        "DATA_SCALE": 0,
        "NULLABLE": "N"
      }
    },
    "Fobe": {
      "name": "Fobe",
      "type": "undefined",
      "size": 22,
      "default": null,
      "isNullable": true,
      "keyOrdinal": 0,
      "label": "Fobe",
      "ordinal": 4,
      "_oracle": {
        "COLUMN_ID": 4,
        "COLUMN_NAME": "Fobe",
        "DATA_TYPE": "FLOAT",
        "DATA_LENGTH": 22,
        "DATA_PRECISION": 126,
        "DATA_SCALE": null,
        "NULLABLE": "Y"
      }
    },
    "Dt Test": {
      "name": "Dt Test",
      "type": "date",
      "size": 7,
      "default": null,
      "isNullable": true,
      "keyOrdinal": 0,
      "label": "Dt Test",
      "ordinal": 5,
      "_oracle": {
        "COLUMN_ID": 5,
        "COLUMN_NAME": "Dt Test",
        "DATA_TYPE": "DATE",
        "DATA_LENGTH": 7,
        "DATA_PRECISION": null,
        "DATA_SCALE": null,
        "NULLABLE": "Y"
      }
    },
    "enabled": {
      "name": "enabled",
      "type": "boolean",
      "size": 1,
      "default": null,
      "isNullable": true,
      "keyOrdinal": 0,
      "label": "enabled",
      "ordinal": 6,
      "_oracle": {
        "COLUMN_ID": 6,
        "COLUMN_NAME": "enabled",
        "DATA_TYPE": "CHAR",
        "DATA_LENGTH": 1,
        "DATA_PRECISION": null,
        "DATA_SCALE": null,
        "NULLABLE": "Y"
      }
    },
    "tags": {
      "name": "tags",
      "type": "text",
      "size": 4000,
      "default": null,
      "isNullable": true,
      "keyOrdinal": 0,
      "label": "tags",
      "ordinal": 7,
      "_oracle": {
        "COLUMN_ID": 7,
        "COLUMN_NAME": "tags",
        "DATA_TYPE": "CLOB",
        "DATA_LENGTH": 4000,
        "DATA_PRECISION": null,
        "DATA_SCALE": null,
        "NULLABLE": "Y"
      }
    },
    "widgets": {
      "name": "widgets",
      "type": "text",
      "size": 4000,
      "default": null,
      "isNullable": true,
      "keyOrdinal": 0,
      "label": "widgets",
      "ordinal": 8,
      "_oracle": {
        "COLUMN_ID": 8,
        "COLUMN_NAME": "widgets",
        "DATA_TYPE": "CLOB",
        "DATA_LENGTH": 4000,
        "DATA_PRECISION": null,
        "DATA_SCALE": null,
        "NULLABLE": "Y"
      }
    }
  },
  "_SMT": "transportdb|http://localhost:8089/transportdb/storage_node|foo_schema_02|*",
  "indices": {
    "foo_index_02": {
      "fields": [
        {
          "name": "Bar",
          "order": "ASC"
        },
        {
          "name": "SYS_NC00009$",
          "order": "DESC"
        }
      ],
      "unique": false
    }
  }
}