[
{"fie":"where's fum?","dt_test":"2018-10-06T19:00:00.000Z","foo":"first","bar":"row","baz":123,"tags":["fun","fast"],"fum":"here"},
{"fie":"where's fum?","dt_test":"2018-10-07T00:00:00.000Z","foo":"second","bar":"row","baz":456,"tags":["unfun","slow"],"fum":"here"}
]
