{
  "resultCode": 0,
  "resultMessage": "OK",
  "data": [
    {
      "Foo": "ten",
      "Bar": "Hamilton",
      "Baz": 10,
      "Fobe": null,
      "Dt Test": null,
      "enabled": false
    }
  ]
}
