{
  "smt": {
    "model": "any",
    "locus": "*",
    "schema": "*",
    "key": "*"
  },
  "fields": {
    "Foo": {
      "name": "Foo",
      "type": "keyword",
      "size": 7,
      "default": null,
      "isNullable": true,
      "keyOrdinal": 0,
      "label": "Foo"
    },
    "Bar": {
      "name": "Bar",
      "type": "text",
      "size": 13,
      "default": null,
      "isNullable": true,
      "keyOrdinal": 0,
      "label": "Bar"
    },
    "Baz": {
      "name": "Baz",
      "type": "integer",
      "size": 0,
      "default": null,
      "isNullable": true,
      "keyOrdinal": 0,
      "label": "Baz"
    },
    "Fobe": {
      "name": "Fobe",
      "type": "number",
      "size": 0,
      "default": null,
      "isNullable": true,
      "keyOrdinal": 0,
      "label": "Fobe"
    },
    "Dt Test": {
      "name": "Dt Test",
      "type": "date",
      "size": 0,
      "default": null,
      "isNullable": true,
      "keyOrdinal": 0,
      "label": "Dt Test"
    },
    "enabled": {
      "name": "enabled",
      "type": "boolean",
      "size": 0,
      "default": null,
      "isNullable": true,
      "keyOrdinal": 0,
      "label": "enabled"
    },
    "subObj1": {
      "name": "subObj1",
      "type": "keyword",
      "size": 19,
      "default": null,
      "isNullable": true,
      "keyOrdinal": 0,
      "label": "subObj1"
    },
    "subObj2": {
      "name": "subObj2",
      "type": "keyword",
      "size": 22,
      "default": null,
      "isNullable": true,
      "keyOrdinal": 0,
      "label": "subObj2"
    },
    "tags": {
      "name": "tags",
      "type": "keyword",
      "size": 21,
      "default": null,
      "isNullable": true,
      "keyOrdinal": 0,
      "label": "tags"
    }
  },
  "_SMT": "any|*|*|*"
}