{
  "smt": {
    "model": "transport",
    "locus": "http://localhost:8089/transport/storage_node",
    "schema": "foo_schema_lg",
    "key": "*"
  },
  "fields": {
    "Foo": {
      "name": "Foo",
      "type": "text",
      "size": 128,
      "default": null,
      "isNullable": false,
      "keyOrdinal": 1,
      "label": "Foo",
      "ordinal": 1,
      "_oracle": {
        "COLUMN_ID": 1,
        "COLUMN_NAME": "Foo",
        "DATA_TYPE": "NVARCHAR2",
        "DATA_LENGTH": 128,
        "DATA_PRECISION": null,
        "DATA_SCALE": null,
        "NULLABLE": "N"
      }
    },
    "Bar": {
      "name": "Bar",
      "type": "text",
      "size": 512,
      "default": null,
      "isNullable": true,
      "keyOrdinal": 0,
      "label": "Bar",
      "ordinal": 2,
      "_oracle": {
        "COLUMN_ID": 2,
        "COLUMN_NAME": "Bar",
        "DATA_TYPE": "NVARCHAR2",
        "DATA_LENGTH": 512,
        "DATA_PRECISION": null,
        "DATA_SCALE": null,
        "NULLABLE": "Y"
      }
    },
    "Baz": {
      "name": "Baz",
      "type": "keyword",
      "size": 40,
      "default": null,
      "isNullable": true,
      "keyOrdinal": 0,
      "label": "Baz",
      "ordinal": 3,
      "_oracle": {
        "COLUMN_ID": 3,
        "COLUMN_NAME": "Baz",
        "DATA_TYPE": "NVARCHAR2",
        "DATA_LENGTH": 40,
        "DATA_PRECISION": null,
        "DATA_SCALE": null,
        "NULLABLE": "Y"
      }
    },
    "Fobe": {
      "name": "Fobe",
      "type": "text",
      "size": 2400,
      "default": null,
      "isNullable": true,
      "keyOrdinal": 0,
      "label": "Fobe",
      "ordinal": 4,
      "_oracle": {
        "COLUMN_ID": 4,
        "COLUMN_NAME": "Fobe",
        "DATA_TYPE": "NVARCHAR2",
        "DATA_LENGTH": 2400,
        "DATA_PRECISION": null,
        "DATA_SCALE": null,
        "NULLABLE": "Y"
      }
    },
    "Dt Test": {
      "name": "Dt Test",
      "type": "text",
      "size": 4000,
      "default": null,
      "isNullable": true,
      "keyOrdinal": 0,
      "label": "Dt Test",
      "ordinal": 5,
      "_oracle": {
        "COLUMN_ID": 5,
        "COLUMN_NAME": "Dt Test",
        "DATA_TYPE": "CLOB",
        "DATA_LENGTH": 4000,
        "DATA_PRECISION": null,
        "DATA_SCALE": null,
        "NULLABLE": "Y"
      }
    },
    "enabled": {
      "name": "enabled",
      "type": "text",
      "size": 4000,
      "default": null,
      "isNullable": true,
      "keyOrdinal": 0,
      "label": "enabled",
      "ordinal": 6,
      "_oracle": {
        "COLUMN_ID": 6,
        "COLUMN_NAME": "enabled",
        "DATA_TYPE": "CLOB",
        "DATA_LENGTH": 4000,
        "DATA_PRECISION": null,
        "DATA_SCALE": null,
        "NULLABLE": "Y"
      }
    },
    "Str Test": {
      "name": "Str Test",
      "type": "text",
      "size": 4000,
      "default": null,
      "isNullable": true,
      "keyOrdinal": 0,
      "label": "Str Test",
      "ordinal": 7,
      "_oracle": {
        "COLUMN_ID": 7,
        "COLUMN_NAME": "Str Test",
        "DATA_TYPE": "CLOB",
        "DATA_LENGTH": 4000,
        "DATA_PRECISION": null,
        "DATA_SCALE": null,
        "NULLABLE": "Y"
      }
    },
    "enabler": {
      "name": "enabler",
      "type": "text",
      "size": 4000,
      "default": null,
      "isNullable": true,
      "keyOrdinal": 0,
      "label": "enabler",
      "ordinal": 8,
      "_oracle": {
        "COLUMN_ID": 8,
        "COLUMN_NAME": "enabler",
        "DATA_TYPE": "CLOB",
        "DATA_LENGTH": 4000,
        "DATA_PRECISION": null,
        "DATA_SCALE": null,
        "NULLABLE": "Y"
      }
    }
  },
  "_SMT": "transport|http://localhost:8089/transport/storage_node|foo_schema_lg|*"
}