{
  "resultCode": 0,
  "resultMessage": "OK",
  "data": [
    {
      "Foo": "seventh",
      "Bar": "big data",
      "Baz": 1000000,
      "Fobe": 4000.3,
      "Dt Test": "2018-10-10T19:13:30.000Z",
      "enabled": false
    }
  ]
}
