[
  {"fie":"where's fum?","foo":"first","bar":"row","fobe":100,"tags":["one"],"sub":{"state":"running","izze":12},"fum":"here"},
  {"fie":"where's fum?","foo":"second","bar":"row","fobe":210,"tags":["one","two"],"sub":{"state":"stopped","izze":88},"fum":"here"}
  ]
