[
  {
    "name": "foo_schema.encoding.json",
    "type": "-",
    "size": 1163,
    "date": "2021-10-01T23:30:00.000Z",
    "rpath": "foo_schema.encoding.json"
  },
  {
    "name": "foo_schema_01.encoding.json",
    "type": "-",
    "size": 2655,
    "date": "2021-10-01T23:29:00.000Z",
    "rpath": "foo_schema_01.encoding.json"
  },
  {
    "name": "foo_schema_02.encoding.json",
    "type": "-",
    "size": 1692,
    "date": "2021-10-01T23:29:00.000Z",
    "rpath": "foo_schema_02.encoding.json"
  },
  {
    "name": "foo_schema_lg.encoding.json",
    "type": "-",
    "size": 1173,
    "date": "2021-10-01T23:29:00.000Z",
    "rpath": "foo_schema_lg.encoding.json"
  },
  {
    "name": "foo_schema_short.encoding.json",
    "type": "-",
    "size": 468,
    "date": "2021-10-01T23:29:00.000Z",
    "rpath": "foo_schema_short.encoding.json"
  },
  {
    "name": "foo_schema_t.encoding.json",
    "type": "-",
    "size": 1212,
    "date": "2021-10-01T23:30:00.000Z",
    "rpath": "foo_schema_t.encoding.json"
  },
  {
    "name": "foo_schema_two.encoding.json",
    "type": "-",
    "size": 485,
    "date": "2021-10-01T23:30:00.000Z",
    "rpath": "foo_schema_two.encoding.json"
  },
  {
    "name": "foo_schema_typesonly.encoding.json",
    "type": "-",
    "size": 180,
    "date": "2021-10-01T23:30:00.000Z",
    "rpath": "foo_schema_typesonly.encoding.json"
  },
  {
    "name": "foo_transform.encoding.json",
    "type": "-",
    "size": 278,
    "date": "2021-10-01T23:30:00.000Z",
    "rpath": "foo_transform.encoding.json"
  },
  {
    "name": "shapes.encoding.json",
    "type": "-",
    "size": 504,
    "date": "2021-10-01T23:30:00.000Z",
    "rpath": "shapes/shapes.encoding.json"
  },
  {
    "name": "tl_2020_us_county.encoding.json",
    "type": "-",
    "size": 2176,
    "date": "2021-10-01T23:43:00.000Z",
    "rpath": "shapes/tl_2020_us_county.encoding.json"
  },
  {
    "name": "tl_2020_us_state.encoding.json",
    "type": "-",
    "size": 2019,
    "date": "2021-10-01T23:44:00.000Z",
    "rpath": "shapes/tl_2020_us_state.encoding.json"
  }
]