[
  {
    "type": "-",
    "name": "tl_2020_us_county.zip",
    "sticky": false,
    "rights": {
      "user": "rw",
      "group": "rw",
      "other": "r"
    },
    "acl": false,
    "owner": "889",
    "group": "i-geo",
    "size": 80644766,
    "date": "2021-02-02T02:39:00.000Z",
    "rpath": "tl_2020_us_county.zip"
  }
]