{
  "resultCode": 0,
  "resultText": "OK",
  "data": [
    {
      "sum": 1755,
      "avg": 159.545454545455,
      "min": 0,
      "max": 789,
      "count": 11
    }
  ]
}