{
  "smt": {
    "model": "oracledb",
    "locus": "connectString=localhost/xepdb1;user=dicta;password=data",
    "schema": "foo_schema_two",
    "key": "*"
  },
  "fields": {
    "Foo": {
      "name": "Foo",
      "type": "keyword",
      "size": 64,
      "nullable": false,
      "_oracledb": {
        "COLUMN_ID": 1,
        "COLUMN_NAME": "Foo",
        "DATA_TYPE": "NVARCHAR2",
        "DATA_LENGTH": 128,
        "DATA_PRECISION": null,
        "DATA_SCALE": null,
        "NULLABLE": "N",
        "CHAR_LENGTH": 64
      },
      "key": 1
    },
    "Bar": {
      "name": "Bar",
      "type": "keyword",
      "size": 64,
      "nullable": false,
      "_oracledb": {
        "COLUMN_ID": 2,
        "COLUMN_NAME": "Bar",
        "DATA_TYPE": "NVARCHAR2",
        "DATA_LENGTH": 128,
        "DATA_PRECISION": null,
        "DATA_SCALE": null,
        "NULLABLE": "N",
        "CHAR_LENGTH": 64
      },
      "key": 2
    }
  },
  "_SMT": "oracledb|connectString=localhost/xepdb1;user=dicta;password=data|foo_schema_two|*"
}