[
  {"category":"tools","count":4,"qty":40,"value":40},
  {"category":"supplies","count":4,"qty":80,"value":40},
  {"category":"totals","count":8,"qty":120,"value":80}
  ]
