{
  "smt": {
    "model": "memory",
    "locus": "testgroup",
    "schema": "foo_schema",
    "key": "!Foo"
  },
  "fields": {
    "Foo": {
      "name": "Foo",
      "type": "keyword",
      "size": 7,
      "default": null,
      "nullable": true,
      
      "label": "Foo"
    },
    "Bar": {
      "name": "Bar",
      "type": "text",
      "size": 13,
      "default": null,
      "nullable": true,
      
      "label": "Bar"
    },
    "Baz": {
      "name": "Baz",
      "type": "integer",
      "size": 0,
      "default": null,
      "nullable": true,
      
      "label": "Baz"
    },
    "Fobe": {
      "name": "Fobe",
      "type": "number",
      "size": 0,
      "default": null,
      "nullable": true,
      
      "label": "Fobe"
    },
    "Dt Test": {
      "name": "Dt Test",
      "type": "date",
      "size": 0,
      "default": null,
      "nullable": true,
      
      "label": "Dt Test"
    },
    "enabled": {
      "name": "enabled",
      "type": "boolean",
      "size": 0,
      "default": null,
      "nullable": true,
      
      "label": "enabled"
    }
  },
  "_SMT": "any|*|*|*"
}