{
  "smt": {
    "model": "memory",
    "locus": "testgroup",
    "schema": "foo_schema_01",
    "key": "!Foo"
  },
  "fields": {
    "Foo": {
      "name": "Foo",
      "type": "keyword",
      "size": 7,
      "default": null,
      "isNullable": true,
      "keyOrdinal": 0,
      "label": "Foo"
    },
    "Bar": {
      "name": "Bar",
      "type": "text",
      "size": 13,
      "default": null,
      "isNullable": true,
      "keyOrdinal": 0,
      "label": "Bar"
    },
    "Baz": {
      "name": "Baz",
      "type": "integer",
      "size": 0,
      "default": null,
      "isNullable": true,
      "keyOrdinal": 0,
      "label": "Baz"
    },
    "Fobe": {
      "name": "Fobe",
      "type": "number",
      "size": 0,
      "default": null,
      "isNullable": true,
      "keyOrdinal": 0,
      "label": "Fobe"
    },
    "Dt Test": {
      "name": "Dt Test",
      "type": "date",
      "size": 0,
      "default": null,
      "isNullable": true,
      "keyOrdinal": 0,
      "label": "Dt Test"
    },
    "enabled": {
      "name": "enabled",
      "type": "boolean",
      "size": 0,
      "default": null,
      "isNullable": true,
      "keyOrdinal": 0,
      "label": "enabled"
    },
    "subObj1": {
      "name": "subObj1",
      "type": "map",
      "size": 0,
      "default": null,
      "isNullable": true,
      "keyOrdinal": 0,
      "label": "subObj1",
      "fields": {
        "state": {
          "name": "state",
          "type": "keyword",
          "size": 7,
          "default": null,
          "isNullable": true,
          "keyOrdinal": 0,
          "label": "state"
        },
        "ex-state": {
          "name": "ex-state",
          "type": "keyword",
          "size": 4,
          "default": null,
          "isNullable": true,
          "keyOrdinal": 0,
          "label": "ex-state"
        }
      }
    },
    "subObj2": {
      "name": "subObj2",
      "type": "map",
      "size": 0,
      "default": null,
      "isNullable": true,
      "keyOrdinal": 0,
      "label": "subObj2",
      "fields": {
        "subsub": {
          "name": "subsub",
          "type": "map",
          "size": 0,
          "default": null,
          "isNullable": true,
          "keyOrdinal": 0,
          "label": "subsub",
          "fields": {
            "izze": {
              "name": "izze",
              "type": "integer",
              "size": 0,
              "default": null,
              "isNullable": true,
              "keyOrdinal": 0,
              "label": "izze"
            }
          }
        }
      }
    },
    "tags": {
      "name": "tags",
      "type": "list",
      "size": 0,
      "default": null,
      "isNullable": true,
      "keyOrdinal": 0,
      "label": "tags",
      "_list": {
        "name": "_list",
        "type": "keyword",
        "size": 6,
        "default": null,
        "isNullable": true,
        "keyOrdinal": 0,
        "label": "_list"
      }
    }
  },
  "_SMT": "any|*|*|*"
}