{
  "name": "foo_schema_typesonly",
  "type": "engram",
  "title": "",
  "description": "",
  "tags": [],
  "smt": {
    "model": "*",
    "locus": "*",
    "schema": "*",
    "key": "*"
  },
  "fields": [
    {
      "name": "Foo",
      "type": "keyword",
      "key": 1
    },
    {
      "name": "Bar",
      "type": "keyword"
    },
    {
      "name": "Baz",
      "type": "integer"
    },
    {
      "name": "Fobe",
      "type": "number"
    },
    {
      "name": "Dt Test",
      "type": "date"
    },
    {
      "name": "enabled",
      "type": "boolean"
    }
  ]
}
