{
  "status": 0,
  "message": "OK",
  "type": "map",
  "data": {
    "foo:foo_alias": {
      "domain": "foo",
      "name": "foo_alias",
      "type": "alias",
      "title": "foo_alias",
      "description": "alias for foo:foo_schema",
      "source": "foo:foo_schema",
      "tags": [
        "foo",
        "alias"
      ]
    }
  }
}
