{
  "resultCode": 0,
  "resultText": "OK",
  "data": {
    "one": {
      "Foo": "one",
      "Bar": "Washington",
      "Baz": 1,
      "Fobe": 1.1,
      "Dt Test": "2018-10-07T07:00:00.000Z",
      "enabled": false
    }
  }
}