[
  {
    "href": "/data/test/foo_encoding.json",
    "name": "foo_encoding.json",
    "isDir": false,
    "date": null,
    "size": 1229,
    "rpath": "foo_encoding.json"
  },
  {
    "href": "/data/test/foo_encoding_2.json",
    "name": "foo_encoding_2.json",
    "isDir": false,
    "date": null,
    "size": 1968,
    "rpath": "foo_encoding_2.json"
  },
  {
    "href": "/data/test/foofile.json",
    "name": "foofile.json",
    "isDir": false,
    "date": "2020-03-30T05:53:00.000Z",
    "size": 1692,
    "rpath": "foofile.json"
  },
  {
    "href": "/data/test/foofile_01.json",
    "name": "foofile_01.json",
    "isDir": false,
    "date": "2020-03-30T05:54:00.000Z",
    "size": 1729,
    "rpath": "foofile_01.json"
  },
  {
    "href": "/data/test/foofile_02.json",
    "name": "foofile_02.json",
    "isDir": false,
    "date": "2020-03-30T05:55:00.000Z",
    "size": 1729,
    "rpath": "foofile_02.json"
  },
  {
    "href": "/data/test/foofile_03.json",
    "name": "foofile_03.json",
    "isDir": false,
    "date": "2020-03-30T05:55:00.000Z",
    "size": 1729,
    "rpath": "foofile_03.json"
  },
  {
    "href": "/data/test/transforms.json",
    "name": "transforms.json",
    "isDir": false,
    "date": null,
    "size": 369,
    "rpath": "transforms.json"
  }
]