{
  "resultCode": 0,
  "resultMessage": "OK",
  "data": [
    {
      "baz_sum": 579,
      "fobe_max": 2.1
    }
  ]
}
