{
  "smt": {
    "model": "mysql",
    "locus": "host=localhost;user=dicta;password=data;database=storage_node",
    "schema": "foo_schema_01",
    "key": "=Foo"
  },
  "fields": {
    "Foo": {
      "name": "Foo",
      "type": "keyword",
      "size": 7,
      "default": null,
      "nullable": false,
      "key": 1,
      "label": "Foo",
      "_mysql": {
        "Type": "varchar(7)"
      }
    },
    "Bar": {
      "name": "Bar",
      "type": "keyword",
      "size": 13,
      "default": null,
      "nullable": true,
      
      "label": "Bar",
      "_mysql": {
        "Type": "varchar(13)"
      }
    },
    "Baz": {
      "name": "Baz",
      "type": "integer",
      "size": 11,
      "default": null,
      "nullable": true,
      
      "label": "Baz",
      "_mysql": {
        "Type": "int(11)"
      }
    },
    "Fobe": {
      "name": "Fobe",
      "type": "float",
      "size": null,
      "default": null,
      "nullable": true,
      
      "label": "Fobe",
      "_mysql": {
        "Type": "double"
      }
    },
    "Dt Test": {
      "name": "Dt Test",
      "type": "date",
      "size": null,
      "default": null,
      "nullable": true,
      
      "label": "Dt Test",
      "_mysql": {
        "Type": "datetime"
      }
    },
    "enabled": {
      "name": "enabled",
      "type": "boolean",
      "size": 1,
      "default": null,
      "nullable": true,
      
      "label": "enabled",
      "_mysql": {
        "Type": "tinyint(1)"
      }
    },
    "subObj1": {
      "name": "subObj1",
      "type": "map",
      "size": null,
      "default": null,
      "nullable": true,
      
      "label": "subObj1",
      "_mysql": {
        "Type": "json"
      }
    },
    "subObj2": {
      "name": "subObj2",
      "type": "map",
      "size": null,
      "default": null,
      "nullable": true,
      
      "label": "subObj2",
      "_mysql": {
        "Type": "json"
      }
    },
    "tags": {
      "name": "tags",
      "type": "map",
      "size": null,
      "default": null,
      "nullable": true,
      
      "label": "tags",
      "_mysql": {
        "Type": "json"
      }
    }
  },
  "_SMT": "mysql|host=localhost;user=dicta;password=data;database=storage_node|foo_schema_01|=Foo"
}