{
  "resultCode": 0,
  "resultMessage": "OK",
  "type": "message",
  "data": {
    "stored": 3
  }
}